// Jest Snapshot v1, https://goo.gl/fbAQLP

exports[`List should render a List 1`] = `ReactWrapper {}`;
