// Jest Snapshot v1, https://goo.gl/fbAQLP

exports[`Navbar should render a Navbar 1`] = `ReactWrapper {}`;
